[INFO][server.go:38] 2026/09/14 09:44:06 Start listen
[INFO][server.go:71] 2026/09/14 09:44:37 Accepted link
[INFO][server.go:51] 2026/09/14 09:53:19 shutting down
[INFO][handler.go:96] 2026/09/14 09:53:19 handler shutting down
[INFO][handler.go:62] 2026/09/14 09:53:19 connection closed: 127.0.0.1:2608
[INFO][handler.go:96] 2026/09/14 09:53:19 handler shutting down
[INFO][server.go:38] 2026/09/14 11:34:05 Start listen
[INFO][server.go:71] 2026/09/14 11:34:46 Accepted link
[INFO][server.go:51] 2026/09/14 11:38:22 shutting down
[INFO][handler.go:96] 2026/09/14 11:38:22 handler shutting down
[INFO][handler.go:62] 2026/09/14 11:38:22 connection closed: 127.0.0.1:12257
[INFO][handler.go:96] 2026/09/14 11:38:22 handler shutting down
[INFO][server.go:38] 2026/09/14 11:39:03 Start listen
[INFO][server.go:71] 2026/09/14 11:39:03 Accepted link
[INFO][handler.go:62] 2026/09/14 11:39:19 connection closed: 127.0.0.1:2663
[INFO][server.go:71] 2026/09/14 11:39:30 Accepted link
[INFO][server.go:51] 2026/09/14 11:40:22 shutting down
[INFO][handler.go:96] 2026/09/14 11:40:22 handler shutting down
[INFO][handler.go:62] 2026/09/14 11:40:22 connection closed: 127.0.0.1:6560
[INFO][handler.go:96] 2026/09/14 11:40:22 handler shutting down
[INFO][server.go:38] 2026/09/14 11:43:33 Start listen
[INFO][server.go:71] 2026/09/14 11:43:34 Accepted link
[INFO][handler.go:62] 2026/09/14 11:43:41 connection closed: 127.0.0.1:6425
[INFO][server.go:71] 2026/09/14 11:43:51 Accepted link
[INFO][server.go:51] 2026/09/14 11:44:03 shutting down
[INFO][handler.go:96] 2026/09/14 11:44:03 handler shutting down
[INFO][handler.go:62] 2026/09/14 11:44:03 connection closed: 127.0.0.1:6443
[INFO][handler.go:96] 2026/09/14 11:44:03 handler shutting down
[INFO][server.go:38] 2026/09/14 11:48:14 Start listen
[INFO][server.go:51] 2026/09/14 11:48:22 shutting down
[INFO][handler.go:96] 2026/09/14 11:48:22 handler shutting down
[INFO][server.go:38] 2026/09/14 11:48:27 Start listen
[INFO][server.go:71] 2026/09/14 11:48:42 Accepted link
[INFO][server.go:51] 2026/09/14 11:48:51 shutting down
[INFO][handler.go:96] 2026/09/14 11:48:51 handler shutting down
[INFO][handler.go:62] 2026/09/14 11:48:51 connection closed: 127.0.0.1:14086
[INFO][handler.go:96] 2026/09/14 11:48:51 handler shutting down
[INFO][server.go:38] 2026/09/14 11:56:46 Start listen
[INFO][server.go:71] 2026/09/14 11:56:59 Accepted link
[ERROR][handler.go:78] 2026/09/14 11:57:01 empty payload
[INFO][handler.go:62] 2026/09/14 11:57:11 connection closed: 127.0.0.1:5532
[INFO][server.go:51] 2026/09/14 11:57:13 shutting down
[INFO][handler.go:97] 2026/09/14 11:57:13 handler shutting down
[INFO][server.go:38] 2026/09/14 11:59:55 Start listen
[INFO][server.go:51] 2026/09/14 12:00:37 shutting down
[INFO][handler.go:97] 2026/09/14 12:00:37 handler shutting down
[INFO][server.go:38] 2026/09/14 12:01:43 Start listen
[INFO][server.go:71] 2026/09/14 12:01:54 Accepted link
[ERROR][handler.go:78] 2026/09/14 12:01:58 empty payload
[INFO][server.go:51] 2026/09/14 12:02:01 shutting down
[INFO][handler.go:97] 2026/09/14 12:02:01 handler shutting down
[INFO][handler.go:62] 2026/09/14 12:02:01 connection closed: 127.0.0.1:3497
[INFO][handler.go:97] 2026/09/14 12:02:01 handler shutting down
[INFO][server.go:38] 2026/09/14 12:03:17 Start listen
[INFO][server.go:71] 2026/09/14 12:03:18 Accepted link
[INFO][server.go:51] 2026/09/14 12:03:31 shutting down
[INFO][handler.go:97] 2026/09/14 12:03:31 handler shutting down
[INFO][handler.go:62] 2026/09/14 12:03:31 connection closed: 127.0.0.1:3526
[INFO][handler.go:97] 2026/09/14 12:03:31 handler shutting down
[INFO][server.go:38] 2026/09/14 12:52:50 Start listen
[INFO][server.go:71] 2026/09/14 12:53:14 Accepted link
[ERROR][handler.go:78] 2026/09/14 12:53:15 empty payload
[ERROR][handler.go:78] 2026/09/14 12:53:20 empty payload
[INFO][server.go:51] 2026/09/14 12:54:56 shutting down
[INFO][handler.go:97] 2026/09/14 12:54:56 handler shutting down
[INFO][handler.go:62] 2026/09/14 12:54:56 connection closed: 127.0.0.1:7202
[INFO][handler.go:97] 2026/09/14 12:54:56 handler shutting down
[INFO][server.go:38] 2026/09/14 12:55:02 Start listen
[INFO][server.go:71] 2026/09/14 12:55:02 Accepted link
[INFO][server.go:71] 2026/09/14 12:55:11 Accepted link
[INFO][server.go:51] 2026/09/14 13:00:54 shutting down
[INFO][handler.go:97] 2026/09/14 13:00:54 handler shutting down
[INFO][handler.go:62] 2026/09/14 13:00:54 connection closed: 127.0.0.1:14090
[INFO][handler.go:62] 2026/09/14 13:00:54 connection closed: 127.0.0.1:14074
[INFO][handler.go:97] 2026/09/14 13:00:54 handler shutting down
